📊 Canais brutos: 16816
==========================================
✅ FINALIZADO!
📊 Brutos: 16816
📊 Funcionais: 1227
📊 Taxa de sucesso: 7%
📄 Saída: master.m3u
📄 Blacklist: blacklist.txt
📄 Log: update.log
==========================================
📊 Canais brutos: 16815
==========================================
✅ FINALIZADO!
📊 Brutos: 16815
📊 Funcionais: 1198
📊 Taxa de sucesso: 7%
📄 Saída: master.m3u
📄 Blacklist: blacklist.txt
📄 Log: update.log
==========================================
📊 Canais brutos: 16811
==========================================
✅ FINALIZADO!
📊 Brutos: 16811
📊 Funcionais: 1194
📊 Taxa de sucesso: 7%
📄 Saída: master.m3u
📄 Blacklist: blacklist.txt
📄 Log: update.log
==========================================
📊 Canais brutos: 16805
==========================================
✅ FINALIZADO!
📊 Brutos: 16805
📊 Funcionais: 1187
📊 Taxa de sucesso: 7%
📄 Saída: master.m3u
📄 Blacklist: blacklist.txt
📄 Log: update.log
==========================================
📊 Canais brutos: 16821
==========================================
✅ FINALIZADO!
📊 Brutos: 16821
📊 Funcionais: 1188
📊 Taxa de sucesso: 7%
📄 Saída: master.m3u
📄 Blacklist: blacklist.txt
📄 Log: update.log
==========================================
📊 Canais brutos: 16829
==========================================
✅ FINALIZADO!
📊 Brutos: 16829
📊 Funcionais: 1179
📊 Taxa de sucesso: 7%
📄 Saída: master.m3u
📄 Blacklist: blacklist.txt
📄 Log: update.log
==========================================
📊 Canais brutos: 18244
==========================================
✅ FINALIZADO!
📊 Brutos: 18244
📊 Funcionais: 1327
📊 Taxa de sucesso: 7%
📄 Saída: master.m3u
📄 Blacklist: blacklist.txt
📄 Log: update.log
==========================================
📊 Canais brutos: 18260
==========================================
✅ FINALIZADO!
📊 Brutos: 18260
📊 Funcionais: 1326
📊 Taxa de sucesso: 7%
📄 Saída: master.m3u
📄 Blacklist: blacklist.txt
📄 Log: update.log
==========================================
📊 Canais brutos: 40911
==========================================
✅ FINALIZADO!
📊 Brutos: 40911
📊 Funcionais: 1326
📊 Taxa de sucesso: 3%
📄 Saída: master.m3u
📄 Blacklist: blacklist.txt
📄 Log: update.log
==========================================
